// Jest Snapshot v1, https://goo.gl/fbAQLP

exports[`should set up test from dashboard correctly 1`] = `
<div>
  <h1>
    dashboard
  </h1>
</div>
`;
